<html>
<body>
<pre>
<h1>µVision Build Log</h1>
<h2>Tool Versions:</h2>
IDE-Version: µVision V5.23.0.0
Copyright (C) 2017 ARM Ltd and ARM Germany GmbH. All rights reserved.
License Information: Philip Zirfaﬂ, HAW Hamburg, LIC=----
 
Tool Versions:
Toolchain:       MDK-Lite  Version: 5.23
Toolchain Path:  C:\Keil_v5\ARM\ARMCC\Bin
C Compiler:      Armcc.exe V5.06 update 4 (build 422)
Assembler:       Armasm.exe V5.06 update 4 (build 422)
Linker/Locator:  ArmLink.exe V5.06 update 4 (build 422)
Library Manager: ArmAr.exe V5.06 update 4 (build 422)
Hex Converter:   FromElf.exe V5.06 update 4 (build 422)
CPU DLL:         SARMCM3.DLL V5.23
Dialog DLL:      DCM.DLL V1.15.0.0
Target DLL:      ULP2CM3.DLL V2.207.8.0
Dialog DLL:      TCM.DLL V1.27.0.0
 
<h2>Project:</h2>
C:\TI_Labor\Keil\Drehgeber\Drehgeber.uvproj
Project File Date:  10/29/2018

<h2>Output:</h2>
*** Using Compiler 'V5.06 update 4 (build 422)', folder: 'C:\Keil_v5\ARM\ARMCC\Bin'
Rebuild target 'TI-Board'
compiling assert.c...
compiling keypad.c...
compiling timer.c...
compiling TI_Lib.c...
compiling tft.c...
compiling misc.c...
compiling stm32f4xx_dma.c...
compiling stm32f4xx_adc.c...
compiling stm32f4xx_usart.c...
assembling startup_stm32f4xx.s...
compiling stm32f4xx_rcc.c...
compiling stm32f4xx_gpio.c...
compiling system_stm32f4xx.c...
compiling Retarget.c...
compiling Usart.c...
compiling TI_Board_ADC.c...
compiling TI_Board_IO.c...
compiling main.c...
main.c(50): warning:  #550-D: variable "e"  was set but never used
  		int zustand1, zustand2, drehung, drehungTMP, e;
main.c: 1 warning, 0 errors
compiling gpio.c...
compiling drehgeber.c...
compiling input.c...
input.c(40): warning:  #940-D: missing return statement at end of non-void function "readGPIO" 
  }
input.c: 1 warning, 0 errors
compiling newTimer.c...
newTimer.c(15): warning:  #1-D: last line of file ends without a newline
  }
newTimer.c(12): warning:  #177-D: variable "zeitDif"  was declared but never referenced
  	int zeitDif = aktuelleZeit - vergangeneZeit;
newTimer.c: 2 warnings, 0 errors
compiling output.c...
output.c(53): warning:  #940-D: missing return statement at end of non-void function "zaehlerstandToLED" 
  }
output.c: 1 warning, 0 errors
linking...
Program Size: Code=6966 RO-data=442 RW-data=60 ZI-data=37492  
".\Objects\Drehgeber.axf" - 0 Error(s), 5 Warning(s).
Build Time Elapsed:  00:00:07
</pre>
</body>
</html>
